../Drivers/STM32WBxx_HAL_Driver/Inc/stm32wbxx_ll_pwr.h:1663:22:LL_C2_PWR_SetPowerMode	16	static
../Drivers/STM32WBxx_HAL_Driver/Inc/stm32wbxx_ll_exti.h:391:22:LL_EXTI_EnableIT_32_63	16	static
../Drivers/STM32WBxx_HAL_Driver/Inc/stm32wbxx_ll_exti.h:417:22:LL_C2_EXTI_EnableIT_32_63	16	static
../Drivers/STM32WBxx_HAL_Driver/Inc/stm32wbxx_ll_rcc.h:1355:22:LL_RCC_HSE_SetCapacitorTuning	16	static
../Drivers/STM32WBxx_HAL_Driver/Inc/stm32wbxx_ll_rcc.h:2345:22:LL_RCC_SetClkAfterWakeFromStop	16	static
../Drivers/STM32WBxx_HAL_Driver/Inc/stm32wbxx_ll_rcc.h:2909:22:LL_RCC_ForceBackupDomainReset	4	static
../Drivers/STM32WBxx_HAL_Driver/Inc/stm32wbxx_ll_rcc.h:2919:22:LL_RCC_ReleaseBackupDomainReset	4	static
../Drivers/STM32WBxx_HAL_Driver/Inc/stm32wbxx_ll_rcc.h:4134:26:LL_RCC_IsActiveFlag_PINRST	4	static
../Drivers/STM32WBxx_HAL_Driver/Inc/stm32wbxx_ll_rcc.h:4144:26:LL_RCC_IsActiveFlag_SFTRST	4	static
../Drivers/STM32WBxx_HAL_Driver/Inc/stm32wbxx_ll_bus.h:744:22:LL_AHB3_GRP1_EnableClock	24	static
../Drivers/STM32WBxx_HAL_Driver/Inc/stm32wbxx_ll_ipcc.h:312:22:LL_C1_IPCC_DisableTransmitChannel	16	static
../Drivers/STM32WBxx_HAL_Driver/Inc/stm32wbxx_ll_ipcc.h:381:22:LL_C1_IPCC_DisableReceiveChannel	16	static
../Drivers/STM32WBxx_HAL_Driver/Inc/stm32wbxx_ll_ipcc.h:450:22:LL_C2_IPCC_DisableTransmitChannel	16	static
../Drivers/STM32WBxx_HAL_Driver/Inc/stm32wbxx_ll_ipcc.h:519:22:LL_C2_IPCC_DisableReceiveChannel	16	static
../Drivers/STM32WBxx_HAL_Driver/Inc/stm32wbxx_ll_ipcc.h:574:22:LL_C1_IPCC_ClearFlag_CHx	16	static
../Drivers/STM32WBxx_HAL_Driver/Inc/stm32wbxx_ll_ipcc.h:645:22:LL_C2_IPCC_ClearFlag_CHx	16	static
../Drivers/STM32WBxx_HAL_Driver/Inc/stm32wbxx_ll_cortex.h:311:22:LL_LPM_EnableSleep	4	static
../Drivers/STM32WBxx_HAL_Driver/Inc/stm32wbxx_ll_rtc.h:1033:22:LL_RTC_EnableWriteProtection	16	static
../Drivers/STM32WBxx_HAL_Driver/Inc/stm32wbxx_ll_rtc.h:1044:22:LL_RTC_DisableWriteProtection	16	static
../Drivers/STM32WBxx_HAL_Driver/Inc/stm32wbxx_ll_rtc.h:3008:22:LL_RTC_WAKEUP_SetClock	16	static
../Core/Src/app_entry.c:108:6:MX_APPE_Config	8	static
../Core/Src/app_entry.c:128:6:MX_APPE_Init	8	static
../Core/Src/app_entry.c:152:6:Init_Smps	4	static
../Core/Src/app_entry.c:170:6:Init_Exti	8	static
../Core/Src/app_entry.c:187:13:Init_Debug	8	static
../Core/Src/app_entry.c:228:13:Reset_Device	8	static
../Core/Src/app_entry.c:240:13:Reset_BackupDomain	8	static
../Core/Src/app_entry.c:259:13:Reset_IPCC	8	static
../Core/Src/app_entry.c:297:13:Config_HSE	16	static
../Core/Src/app_entry.c:313:13:System_Init	8	static
../Core/Src/app_entry.c:324:13:Init_Rtc	8	static
../Core/Src/app_entry.c:345:13:SystemPower_Config	8	static
../Core/Src/app_entry.c:367:13:appe_Tl_Init	40	static
../Core/Src/app_entry.c:392:13:APPE_SysStatusNot	16	static
../Core/Src/app_entry.c:407:13:APPE_SysUserEvtRx	24	static
../Core/Src/app_entry.c:432:13:APPE_SysEvtError	16	static
../Core/Src/app_entry.c:449:13:APPE_SysEvtReadyProcessing	8	static
../Core/Src/app_entry.c:469:6:HAL_Delay	24	static,ignoring_inline_asm
../Core/Src/app_entry.c:498:6:MX_APPE_Process	8	static
../Core/Src/app_entry.c:509:6:UTIL_SEQ_Idle	4	static
../Core/Src/app_entry.c:524:6:UTIL_SEQ_EvtIdle	16	static
../Core/Src/app_entry.c:552:6:shci_notify_asynch_evt	16	static
../Core/Src/app_entry.c:559:6:shci_cmd_resp_release	16	static
../Core/Src/app_entry.c:566:6:shci_cmd_resp_wait	16	static
../Core/Src/app_entry.c:574:6:TL_TRACES_EvtReceived	16	static
