../Middlewares/ST/STM32_WPAN/thread/openthread/core/openthread_api/thread.c:38:9:otThreadSetEnabled	24	static
../Middlewares/ST/STM32_WPAN/thread/openthread/core/openthread_api/thread.c:55:10:otThreadGetVersion	16	static
../Middlewares/ST/STM32_WPAN/thread/openthread/core/openthread_api/thread.c:71:6:otThreadIsSingleton	24	static
../Middlewares/ST/STM32_WPAN/thread/openthread/core/openthread_api/thread.c:87:9:otThreadDiscover	32	static
../Middlewares/ST/STM32_WPAN/thread/openthread/core/openthread_api/thread.c:115:9:otThreadSetJoinerAdvertisement	32	static
../Middlewares/ST/STM32_WPAN/thread/openthread/core/openthread_api/thread.c:138:6:otThreadIsDiscoverInProgress	24	static
../Middlewares/ST/STM32_WPAN/thread/openthread/core/openthread_api/thread.c:154:10:otThreadGetChildTimeout	24	static
../Middlewares/ST/STM32_WPAN/thread/openthread/core/openthread_api/thread.c:170:6:otThreadSetChildTimeout	24	static
../Middlewares/ST/STM32_WPAN/thread/openthread/core/openthread_api/thread.c:186:24:otThreadGetExtendedPanId	24	static
../Middlewares/ST/STM32_WPAN/thread/openthread/core/openthread_api/thread.c:202:9:otThreadSetExtendedPanId	24	static
../Middlewares/ST/STM32_WPAN/thread/openthread/core/openthread_api/thread.c:219:9:otThreadGetLeaderRloc	24	static
../Middlewares/ST/STM32_WPAN/thread/openthread/core/openthread_api/thread.c:236:18:otThreadGetLinkMode	24	static
../Middlewares/ST/STM32_WPAN/thread/openthread/core/openthread_api/thread.c:260:9:otThreadSetLinkMode	24	static
../Middlewares/ST/STM32_WPAN/thread/openthread/core/openthread_api/thread.c:281:6:otThreadGetNetworkKey	24	static
../Middlewares/ST/STM32_WPAN/thread/openthread/core/openthread_api/thread.c:316:9:otThreadSetNetworkKey	24	static
../Middlewares/ST/STM32_WPAN/thread/openthread/core/openthread_api/thread.c:352:21:otThreadGetRloc	24	static
../Middlewares/ST/STM32_WPAN/thread/openthread/core/openthread_api/thread.c:368:21:otThreadGetMeshLocalEid	24	static
../Middlewares/ST/STM32_WPAN/thread/openthread/core/openthread_api/thread.c:384:26:otThreadGetMeshLocalPrefix	24	static
../Middlewares/ST/STM32_WPAN/thread/openthread/core/openthread_api/thread.c:400:9:otThreadSetMeshLocalPrefix	24	static
../Middlewares/ST/STM32_WPAN/thread/openthread/core/openthread_api/thread.c:417:21:otThreadGetLinkLocalIp6Address	24	static
../Middlewares/ST/STM32_WPAN/thread/openthread/core/openthread_api/thread.c:433:21:otThreadGetLinkLocalAllThreadNodesMulticastAddress	24	static
../Middlewares/ST/STM32_WPAN/thread/openthread/core/openthread_api/thread.c:449:21:otThreadGetRealmLocalAllThreadNodesMulticastAddress	24	static
../Middlewares/ST/STM32_WPAN/thread/openthread/core/openthread_api/thread.c:465:9:otThreadGetServiceAloc	32	static
../Middlewares/ST/STM32_WPAN/thread/openthread/core/openthread_api/thread.c:483:13:otThreadGetNetworkName	24	static
../Middlewares/ST/STM32_WPAN/thread/openthread/core/openthread_api/thread.c:499:9:otThreadSetNetworkName	24	static
../Middlewares/ST/STM32_WPAN/thread/openthread/core/openthread_api/thread.c:517:13:otThreadGetDomainName	24	static
../Middlewares/ST/STM32_WPAN/thread/openthread/core/openthread_api/thread.c:533:9:otThreadSetDomainName	24	static
../Middlewares/ST/STM32_WPAN/thread/openthread/core/openthread_api/thread.c:551:9:otThreadSetFixedDuaInterfaceIdentifier	24	static
../Middlewares/ST/STM32_WPAN/thread/openthread/core/openthread_api/thread.c:568:33:otThreadGetFixedDuaInterfaceIdentifier	24	static
../Middlewares/ST/STM32_WPAN/thread/openthread/core/openthread_api/thread.c:587:10:otThreadGetKeySequenceCounter	24	static
../Middlewares/ST/STM32_WPAN/thread/openthread/core/openthread_api/thread.c:603:6:otThreadSetKeySequenceCounter	24	static
../Middlewares/ST/STM32_WPAN/thread/openthread/core/openthread_api/thread.c:619:10:otThreadGetKeySwitchGuardTime	24	static
../Middlewares/ST/STM32_WPAN/thread/openthread/core/openthread_api/thread.c:635:6:otThreadSetKeySwitchGuardTime	24	static
../Middlewares/ST/STM32_WPAN/thread/openthread/core/openthread_api/thread.c:651:9:otThreadBecomeDetached	24	static
../Middlewares/ST/STM32_WPAN/thread/openthread/core/openthread_api/thread.c:667:9:otThreadBecomeChild	24	static
../Middlewares/ST/STM32_WPAN/thread/openthread/core/openthread_api/thread.c:683:9:otThreadGetNextNeighborInfo	32	static
../Middlewares/ST/STM32_WPAN/thread/openthread/core/openthread_api/thread.c:702:14:otThreadGetDeviceRole	24	static
../Middlewares/ST/STM32_WPAN/thread/openthread/core/openthread_api/thread.c:718:13:otThreadDeviceRoleToString	24	static
../Middlewares/ST/STM32_WPAN/thread/openthread/core/openthread_api/thread.c:735:9:otThreadGetLeaderData	24	static
../Middlewares/ST/STM32_WPAN/thread/openthread/core/openthread_api/thread.c:752:9:otThreadGetLeaderRouterId	24	static
../Middlewares/ST/STM32_WPAN/thread/openthread/core/openthread_api/thread.c:768:9:otThreadGetLeaderWeight	24	static
../Middlewares/ST/STM32_WPAN/thread/openthread/core/openthread_api/thread.c:784:10:otThreadGetPartitionId	24	static
../Middlewares/ST/STM32_WPAN/thread/openthread/core/openthread_api/thread.c:800:10:otThreadGetRloc16	24	static
../Middlewares/ST/STM32_WPAN/thread/openthread/core/openthread_api/thread.c:816:9:otThreadGetParentInfo	24	static
../Middlewares/ST/STM32_WPAN/thread/openthread/core/openthread_api/thread.c:833:9:otThreadGetParentAverageRssi	24	static
../Middlewares/ST/STM32_WPAN/thread/openthread/core/openthread_api/thread.c:850:9:otThreadGetParentLastRssi	24	static
../Middlewares/ST/STM32_WPAN/thread/openthread/core/openthread_api/thread.c:867:21:otThreadGetIp6Counters	24	static
../Middlewares/ST/STM32_WPAN/thread/openthread/core/openthread_api/thread.c:883:6:otThreadResetIp6Counters	24	static
../Middlewares/ST/STM32_WPAN/thread/openthread/core/openthread_api/thread.c:898:22:otThreadGetMleCounters	24	static
../Middlewares/ST/STM32_WPAN/thread/openthread/core/openthread_api/thread.c:914:6:otThreadResetMleCounters	24	static
../Middlewares/ST/STM32_WPAN/thread/openthread/core/openthread_api/thread.c:927:6:otThreadRegisterParentResponseCallback	32	static
